// Jest Snapshot v1, https://goo.gl/fbAQLP

exports[`RatingCard snapshot 1`] = `
<View
  style={
    Object {
      "alignItems": "center",
      "backgroundColor": "#FFFFFF",
      "borderRadius": 20,
      "height": 60,
      "justifyContent": "center",
      "shadowColor": "#000000",
      "shadowOffset": Object {
        "height": 1,
        "width": 1,
      },
      "shadowOpacity": 0.2,
      "shadowRadius": 1,
      "width": 100,
    }
  }
>
  <Text>
    Rank
  </Text>
  <Text
    style={
      Object {
        "color": "#D9251D",
        "fontSize": 14,
        "fontWeight": "600",
        "marginTop": 8,
      }
    }
  >
    10
  </Text>
</View>
`;
